// Jest Snapshot v1, https://goo.gl/fbAQLP

exports[`testando a main should render the heading 1`] = `
<main>
  <h1>
    React Avan√ßado
  </h1>
</main>
`;
